// Vitest Snapshot v1

exports[`Tests of <SearchPage /> > should show correctly with default value 1`] = `
<div>
  <h1>
    Search
  </h1>
  <hr />
  <div
    class="row"
  >
    <div
      class="col-5"
    >
      <h4>
        Searching
      </h4>
      <hr />
      <form>
        <input
          autocomplete="off"
          class="form-control"
          data-testid="search-input"
          name="searchText"
          placeholder="Search a hero"
          type="text"
          value=""
        />
      </form>
      <button
        class="btn btn-outline-primary mt-3"
        data-testid="search-button"
        type="submit"
      >
        Search
      </button>
    </div>
    <div
      class="col-7"
    >
      <h4>
        Results
      </h4>
      <hr />
      <div
        class="alert alert-primary animate__animated animate__fadeIn"
        data-testid="searchAHeroDiv"
      >
        Search a hero
      </div>
      <div
        class="alert alert-danger animate__animated animate__fadeIn"
        data-testid="noHeroAlert"
        style="display: none;"
      >
        No hero with 
        <b />
      </div>
    </div>
  </div>
</div>
`;
